<?xml version="1.0" encoding="UTF-8"?>
<TestRun id="96e785ad-f31b-4b15-8827-aec66fcb3d82" name="gnvilhena@BEE 2011-05-25 20:57:24" runUser="BEE\gnvilhena" xmlns="http://microsoft.com/schemas/VisualStudio/TeamTest/2010">
  <TestSettings name="Local" id="4a322428-db0d-47e0-9f3e-eb99e6e4bb7a">
    <Description>These are default test settings for a local test run.</Description>
    <Deployment enabled="false" runDeploymentRoot="gnvilhena_BEE 2011-05-25 20_57_24">
      <DeploymentItem filename="C:\Users\gnvilhena\PROMPT\uc01\repos\PROMPT11-01-VMEssentials.vilhena\Trabalho Final\HttpReflector\Routers\ReflectorRouter\bin\Debug\ReflectorRouter.dll" />
      <DeploymentItem filename="C:\Users\gnvilhena\PROMPT\uc01\repos\PROMPT11-01-VMEssentials.vilhena\Trabalho Final\HttpReflector\Contracts\Handler\bin\Debug\Handler.dll" />
      <DeploymentItem filename="C:\Users\gnvilhena\PROMPT\uc01\repos\PROMPT11-01-VMEssentials.vilhena\Trabalho Final\HttpReflector\Contracts\Router\bin\Debug\Router.dll" />
    </Deployment>
    <Execution>
      <TestTypeSpecific />
      <AgentRule name="Execution Agents">
      </AgentRule>
    </Execution>
  </TestSettings>
  <Times creation="2011-05-25T20:57:24.1992187+01:00" queuing="2011-05-25T20:57:24.2490234+01:00" start="2011-05-25T20:57:24.2988281+01:00" finish="2011-05-25T20:57:25.0244140+01:00" />
  <ResultSummary outcome="Completed">
    <Counters total="12" executed="12" passed="12" error="0" failed="0" timeout="0" aborted="0" inconclusive="0" passedButRunAborted="0" notRunnable="0" notExecuted="0" disconnected="0" warning="0" completed="0" inProgress="0" pending="0" />
  </ResultSummary>
  <TestDefinitions>
    <UnitTest name="route_works_with_root_ctx_ns_namespace_shortname_RouteList" storage="c:\users\gnvilhena\prompt\uc01\repos\prompt11-01-vmessentials.vilhena\trabalho final\httpreflector\routers\reflectorrouter.test\bin\debug\reflectorrouter.test.dll" id="419cff02-657a-3965-de29-7a8f8acda2b7">
      <Execution id="9991cbab-7563-4023-955d-2d81fdb06d29" />
      <TestMethod codeBase="C:/Users/gnvilhena/PROMPT/uc01/repos/PROMPT11-01-VMEssentials.vilhena/Trabalho Final/HttpReflector/Routers/ReflectorRouter.Test/bin/Debug/ReflectorRouter.Test.DLL" adapterTypeName="Microsoft.VisualStudio.TestTools.TestTypes.Unit.UnitTestAdapter, Microsoft.VisualStudio.QualityTools.Tips.UnitTest.Adapter, Version=10.0.0.0, Culture=neutral, PublicKeyToken=b03f5f7f11d50a3a" className="ReflectorRouter.Test.RouterCollection, ReflectorRouter.Test, Version=1.0.0.0, Culture=neutral, PublicKeyToken=null" name="route_works_with_root_ctx_ns_namespace_shortname_RouteList" />
    </UnitTest>
    <UnitTest name="route_works_with_root_ctx_ns_namespace_shortname_m_methodName_RouteList" storage="c:\users\gnvilhena\prompt\uc01\repos\prompt11-01-vmessentials.vilhena\trabalho final\httpreflector\routers\reflectorrouter.test\bin\debug\reflectorrouter.test.dll" id="b2399e27-2042-789f-85ac-c3c74b764925">
      <Execution id="ba2a2dc6-fa82-4272-9114-985ffae8f6ef" />
      <TestMethod codeBase="C:/Users/gnvilhena/PROMPT/uc01/repos/PROMPT11-01-VMEssentials.vilhena/Trabalho Final/HttpReflector/Routers/ReflectorRouter.Test/bin/Debug/ReflectorRouter.Test.DLL" adapterTypeName="Microsoft.VisualStudio.TestTools.TestTypes.Unit.UnitTestAdapter, Microsoft.VisualStudio.QualityTools.Tips.UnitTest.Adapter, Version=10.0.0.0, Culture=neutral, PublicKeyToken=b03f5f7f11d50a3a" className="ReflectorRouter.Test.RouterCollection, ReflectorRouter.Test, Version=1.0.0.0, Culture=neutral, PublicKeyToken=null" name="route_works_with_root_ctx_ns_namespace_shortname_m_methodName_RouteList" />
    </UnitTest>
    <UnitTest name="route_works_with_root_ctx_ns_namespace_shortname_f_fieldName_RouteList" storage="c:\users\gnvilhena\prompt\uc01\repos\prompt11-01-vmessentials.vilhena\trabalho final\httpreflector\routers\reflectorrouter.test\bin\debug\reflectorrouter.test.dll" id="4cd4f6de-05d0-3676-cfde-6fb96b64160a">
      <Execution id="b852ec1e-c3c2-40ed-a1d3-83f8c4f108a4" />
      <TestMethod codeBase="C:/Users/gnvilhena/PROMPT/uc01/repos/PROMPT11-01-VMEssentials.vilhena/Trabalho Final/HttpReflector/Routers/ReflectorRouter.Test/bin/Debug/ReflectorRouter.Test.DLL" adapterTypeName="Microsoft.VisualStudio.TestTools.TestTypes.Unit.UnitTestAdapter, Microsoft.VisualStudio.QualityTools.Tips.UnitTest.Adapter, Version=10.0.0.0, Culture=neutral, PublicKeyToken=b03f5f7f11d50a3a" className="ReflectorRouter.Test.RouterCollection, ReflectorRouter.Test, Version=1.0.0.0, Culture=neutral, PublicKeyToken=null" name="route_works_with_root_ctx_ns_namespace_shortname_f_fieldName_RouteList" />
    </UnitTest>
    <UnitTest name="route_works_with_root_ctx_RouteList" storage="c:\users\gnvilhena\prompt\uc01\repos\prompt11-01-vmessentials.vilhena\trabalho final\httpreflector\routers\reflectorrouter.test\bin\debug\reflectorrouter.test.dll" id="49dcdfbe-1770-2b79-57ef-25fbe2214b7e">
      <Execution id="1572c81f-fae2-4157-bb00-a47c496b5968" />
      <TestMethod codeBase="C:/Users/gnvilhena/PROMPT/uc01/repos/PROMPT11-01-VMEssentials.vilhena/Trabalho Final/HttpReflector/Routers/ReflectorRouter.Test/bin/Debug/ReflectorRouter.Test.DLL" adapterTypeName="Microsoft.VisualStudio.TestTools.TestTypes.Unit.UnitTestAdapter, Microsoft.VisualStudio.QualityTools.Tips.UnitTest.Adapter, Version=10.0.0.0, Culture=neutral, PublicKeyToken=b03f5f7f11d50a3a" className="ReflectorRouter.Test.RouterCollection, ReflectorRouter.Test, Version=1.0.0.0, Culture=neutral, PublicKeyToken=null" name="route_works_with_root_ctx_RouteList" />
    </UnitTest>
    <UnitTest name="route_works_with_root_ctx_as_assemblyName_RouteList" storage="c:\users\gnvilhena\prompt\uc01\repos\prompt11-01-vmessentials.vilhena\trabalho final\httpreflector\routers\reflectorrouter.test\bin\debug\reflectorrouter.test.dll" id="86893bfb-be04-aae5-a5fa-ca9227474806">
      <Execution id="0f891605-8d25-47fc-9f1f-fbdd17936280" />
      <TestMethod codeBase="C:/Users/gnvilhena/PROMPT/uc01/repos/PROMPT11-01-VMEssentials.vilhena/Trabalho Final/HttpReflector/Routers/ReflectorRouter.Test/bin/Debug/ReflectorRouter.Test.DLL" adapterTypeName="Microsoft.VisualStudio.TestTools.TestTypes.Unit.UnitTestAdapter, Microsoft.VisualStudio.QualityTools.Tips.UnitTest.Adapter, Version=10.0.0.0, Culture=neutral, PublicKeyToken=b03f5f7f11d50a3a" className="ReflectorRouter.Test.RouterCollection, ReflectorRouter.Test, Version=1.0.0.0, Culture=neutral, PublicKeyToken=null" name="route_works_with_root_ctx_as_assemblyName_RouteList" />
    </UnitTest>
    <UnitTest name="can_remove_route_from_RouteList" storage="c:\users\gnvilhena\prompt\uc01\repos\prompt11-01-vmessentials.vilhena\trabalho final\httpreflector\routers\reflectorrouter.test\bin\debug\reflectorrouter.test.dll" id="4c494ddf-b058-6548-1980-d31346170c63">
      <Execution id="3e72dd50-abc5-4510-a4df-f316f4df6a50" />
      <TestMethod codeBase="C:/Users/gnvilhena/PROMPT/uc01/repos/PROMPT11-01-VMEssentials.vilhena/Trabalho Final/HttpReflector/Routers/ReflectorRouter.Test/bin/Debug/ReflectorRouter.Test.DLL" adapterTypeName="Microsoft.VisualStudio.TestTools.TestTypes.Unit.UnitTestAdapter, Microsoft.VisualStudio.QualityTools.Tips.UnitTest.Adapter, Version=10.0.0.0, Culture=neutral, PublicKeyToken=b03f5f7f11d50a3a" className="ReflectorRouter.Test.RouterCollection, ReflectorRouter.Test, Version=1.0.0.0, Culture=neutral, PublicKeyToken=null" name="can_remove_route_from_RouteList" />
    </UnitTest>
    <UnitTest name="route_works_with_root_ctx_ns_namespacePrefix_RouteList" storage="c:\users\gnvilhena\prompt\uc01\repos\prompt11-01-vmessentials.vilhena\trabalho final\httpreflector\routers\reflectorrouter.test\bin\debug\reflectorrouter.test.dll" id="d925060e-b185-ba9d-cb8a-7d34570abf7b">
      <Execution id="82c0f4c3-5088-4435-9635-5d88b7428ec4" />
      <TestMethod codeBase="C:/Users/gnvilhena/PROMPT/uc01/repos/PROMPT11-01-VMEssentials.vilhena/Trabalho Final/HttpReflector/Routers/ReflectorRouter.Test/bin/Debug/ReflectorRouter.Test.DLL" adapterTypeName="Microsoft.VisualStudio.TestTools.TestTypes.Unit.UnitTestAdapter, Microsoft.VisualStudio.QualityTools.Tips.UnitTest.Adapter, Version=10.0.0.0, Culture=neutral, PublicKeyToken=b03f5f7f11d50a3a" className="ReflectorRouter.Test.RouterCollection, ReflectorRouter.Test, Version=1.0.0.0, Culture=neutral, PublicKeyToken=null" name="route_works_with_root_ctx_ns_namespacePrefix_RouteList" />
    </UnitTest>
    <UnitTest name="route_works_with_root_ctx_ns_namespace_shortname_c_RouteList" storage="c:\users\gnvilhena\prompt\uc01\repos\prompt11-01-vmessentials.vilhena\trabalho final\httpreflector\routers\reflectorrouter.test\bin\debug\reflectorrouter.test.dll" id="2f8ef4b3-0dc8-9ec8-07b6-5fdd7a55baf7">
      <Execution id="a8750fbf-fae4-47ac-8771-69149f7cf714" />
      <TestMethod codeBase="C:/Users/gnvilhena/PROMPT/uc01/repos/PROMPT11-01-VMEssentials.vilhena/Trabalho Final/HttpReflector/Routers/ReflectorRouter.Test/bin/Debug/ReflectorRouter.Test.DLL" adapterTypeName="Microsoft.VisualStudio.TestTools.TestTypes.Unit.UnitTestAdapter, Microsoft.VisualStudio.QualityTools.Tips.UnitTest.Adapter, Version=10.0.0.0, Culture=neutral, PublicKeyToken=b03f5f7f11d50a3a" className="ReflectorRouter.Test.RouterCollection, ReflectorRouter.Test, Version=1.0.0.0, Culture=neutral, PublicKeyToken=null" name="route_works_with_root_ctx_ns_namespace_shortname_c_RouteList" />
    </UnitTest>
    <UnitTest name="route_works_with_root_ctx_as_RouteList" storage="c:\users\gnvilhena\prompt\uc01\repos\prompt11-01-vmessentials.vilhena\trabalho final\httpreflector\routers\reflectorrouter.test\bin\debug\reflectorrouter.test.dll" id="d59acf1f-a253-e6cf-7e23-69f312ea7e8e">
      <Execution id="36971b72-9458-414b-bc2f-5ec0b5b44807" />
      <TestMethod codeBase="C:/Users/gnvilhena/PROMPT/uc01/repos/PROMPT11-01-VMEssentials.vilhena/Trabalho Final/HttpReflector/Routers/ReflectorRouter.Test/bin/Debug/ReflectorRouter.Test.DLL" adapterTypeName="Microsoft.VisualStudio.TestTools.TestTypes.Unit.UnitTestAdapter, Microsoft.VisualStudio.QualityTools.Tips.UnitTest.Adapter, Version=10.0.0.0, Culture=neutral, PublicKeyToken=b03f5f7f11d50a3a" className="ReflectorRouter.Test.RouterCollection, ReflectorRouter.Test, Version=1.0.0.0, Culture=neutral, PublicKeyToken=null" name="route_works_with_root_ctx_as_RouteList" />
    </UnitTest>
    <UnitTest name="route_works_with_root_ctx_ns_RouteList" storage="c:\users\gnvilhena\prompt\uc01\repos\prompt11-01-vmessentials.vilhena\trabalho final\httpreflector\routers\reflectorrouter.test\bin\debug\reflectorrouter.test.dll" id="431fa883-5a55-6054-e257-97faed4cc207">
      <Execution id="0023cbe2-8c5d-4a8b-88f4-57912d74a64c" />
      <TestMethod codeBase="C:/Users/gnvilhena/PROMPT/uc01/repos/PROMPT11-01-VMEssentials.vilhena/Trabalho Final/HttpReflector/Routers/ReflectorRouter.Test/bin/Debug/ReflectorRouter.Test.DLL" adapterTypeName="Microsoft.VisualStudio.TestTools.TestTypes.Unit.UnitTestAdapter, Microsoft.VisualStudio.QualityTools.Tips.UnitTest.Adapter, Version=10.0.0.0, Culture=neutral, PublicKeyToken=b03f5f7f11d50a3a" className="ReflectorRouter.Test.RouterCollection, ReflectorRouter.Test, Version=1.0.0.0, Culture=neutral, PublicKeyToken=null" name="route_works_with_root_ctx_ns_RouteList" />
    </UnitTest>
    <UnitTest name="route_works_with_root_only_RouteList" storage="c:\users\gnvilhena\prompt\uc01\repos\prompt11-01-vmessentials.vilhena\trabalho final\httpreflector\routers\reflectorrouter.test\bin\debug\reflectorrouter.test.dll" id="91ac2bfb-733e-51c4-02d0-a2c33b5edafb">
      <Execution id="0caf9832-4ad8-492e-8269-09b6d85e9cc7" />
      <TestMethod codeBase="C:/Users/gnvilhena/PROMPT/uc01/repos/PROMPT11-01-VMEssentials.vilhena/Trabalho Final/HttpReflector/Routers/ReflectorRouter.Test/bin/Debug/ReflectorRouter.Test.DLL" adapterTypeName="Microsoft.VisualStudio.TestTools.TestTypes.Unit.UnitTestAdapter, Microsoft.VisualStudio.QualityTools.Tips.UnitTest.Adapter, Version=10.0.0.0, Culture=neutral, PublicKeyToken=b03f5f7f11d50a3a" className="ReflectorRouter.Test.RouterCollection, ReflectorRouter.Test, Version=1.0.0.0, Culture=neutral, PublicKeyToken=null" name="route_works_with_root_only_RouteList" />
    </UnitTest>
    <UnitTest name="can_add_route_to_RouteList" storage="c:\users\gnvilhena\prompt\uc01\repos\prompt11-01-vmessentials.vilhena\trabalho final\httpreflector\routers\reflectorrouter.test\bin\debug\reflectorrouter.test.dll" id="d1dee57c-1940-8f04-4f78-b0b16e6ccb9b">
      <Execution id="4f5a9883-bad0-48d4-8468-b00de06a8430" />
      <TestMethod codeBase="C:/Users/gnvilhena/PROMPT/uc01/repos/PROMPT11-01-VMEssentials.vilhena/Trabalho Final/HttpReflector/Routers/ReflectorRouter.Test/bin/Debug/ReflectorRouter.Test.DLL" adapterTypeName="Microsoft.VisualStudio.TestTools.TestTypes.Unit.UnitTestAdapter, Microsoft.VisualStudio.QualityTools.Tips.UnitTest.Adapter, Version=10.0.0.0, Culture=neutral, PublicKeyToken=b03f5f7f11d50a3a" className="ReflectorRouter.Test.RouterCollection, ReflectorRouter.Test, Version=1.0.0.0, Culture=neutral, PublicKeyToken=null" name="can_add_route_to_RouteList" />
    </UnitTest>
  </TestDefinitions>
  <TestLists>
    <TestList name="Results Not in a List" id="8c84fa94-04c1-424b-9868-57a2d4851a1d" />
    <TestList name="All Loaded Results" id="19431567-8539-422a-85d7-44ee4e166bda" />
  </TestLists>
  <TestEntries>
    <TestEntry testId="2f8ef4b3-0dc8-9ec8-07b6-5fdd7a55baf7" executionId="a8750fbf-fae4-47ac-8771-69149f7cf714" testListId="8c84fa94-04c1-424b-9868-57a2d4851a1d" />
    <TestEntry testId="419cff02-657a-3965-de29-7a8f8acda2b7" executionId="9991cbab-7563-4023-955d-2d81fdb06d29" testListId="8c84fa94-04c1-424b-9868-57a2d4851a1d" />
    <TestEntry testId="431fa883-5a55-6054-e257-97faed4cc207" executionId="0023cbe2-8c5d-4a8b-88f4-57912d74a64c" testListId="8c84fa94-04c1-424b-9868-57a2d4851a1d" />
    <TestEntry testId="49dcdfbe-1770-2b79-57ef-25fbe2214b7e" executionId="1572c81f-fae2-4157-bb00-a47c496b5968" testListId="8c84fa94-04c1-424b-9868-57a2d4851a1d" />
    <TestEntry testId="4c494ddf-b058-6548-1980-d31346170c63" executionId="3e72dd50-abc5-4510-a4df-f316f4df6a50" testListId="8c84fa94-04c1-424b-9868-57a2d4851a1d" />
    <TestEntry testId="4cd4f6de-05d0-3676-cfde-6fb96b64160a" executionId="b852ec1e-c3c2-40ed-a1d3-83f8c4f108a4" testListId="8c84fa94-04c1-424b-9868-57a2d4851a1d" />
    <TestEntry testId="86893bfb-be04-aae5-a5fa-ca9227474806" executionId="0f891605-8d25-47fc-9f1f-fbdd17936280" testListId="8c84fa94-04c1-424b-9868-57a2d4851a1d" />
    <TestEntry testId="91ac2bfb-733e-51c4-02d0-a2c33b5edafb" executionId="0caf9832-4ad8-492e-8269-09b6d85e9cc7" testListId="8c84fa94-04c1-424b-9868-57a2d4851a1d" />
    <TestEntry testId="b2399e27-2042-789f-85ac-c3c74b764925" executionId="ba2a2dc6-fa82-4272-9114-985ffae8f6ef" testListId="8c84fa94-04c1-424b-9868-57a2d4851a1d" />
    <TestEntry testId="d1dee57c-1940-8f04-4f78-b0b16e6ccb9b" executionId="4f5a9883-bad0-48d4-8468-b00de06a8430" testListId="8c84fa94-04c1-424b-9868-57a2d4851a1d" />
    <TestEntry testId="d59acf1f-a253-e6cf-7e23-69f312ea7e8e" executionId="36971b72-9458-414b-bc2f-5ec0b5b44807" testListId="8c84fa94-04c1-424b-9868-57a2d4851a1d" />
    <TestEntry testId="d925060e-b185-ba9d-cb8a-7d34570abf7b" executionId="82c0f4c3-5088-4435-9635-5d88b7428ec4" testListId="8c84fa94-04c1-424b-9868-57a2d4851a1d" />
  </TestEntries>
  <Results>
    <UnitTestResult executionId="a8750fbf-fae4-47ac-8771-69149f7cf714" testId="2f8ef4b3-0dc8-9ec8-07b6-5fdd7a55baf7" testName="route_works_with_root_ctx_ns_namespace_shortname_c_RouteList" computerName="BEE" duration="00:00:00.0218938" startTime="2011-05-25T20:57:24.3095703+01:00" endTime="2011-05-25T20:57:24.6103515+01:00" testType="13cdc9d9-ddb5-4fa4-a97d-d965ccfc6d4b" outcome="Passed" testListId="8c84fa94-04c1-424b-9868-57a2d4851a1d" relativeResultsDirectory="a8750fbf-fae4-47ac-8771-69149f7cf714">
    </UnitTestResult>
    <UnitTestResult executionId="9991cbab-7563-4023-955d-2d81fdb06d29" testId="419cff02-657a-3965-de29-7a8f8acda2b7" testName="route_works_with_root_ctx_ns_namespace_shortname_RouteList" computerName="BEE" duration="00:00:00.0060440" startTime="2011-05-25T20:57:24.6181640+01:00" endTime="2011-05-25T20:57:24.6259765+01:00" testType="13cdc9d9-ddb5-4fa4-a97d-d965ccfc6d4b" outcome="Passed" testListId="8c84fa94-04c1-424b-9868-57a2d4851a1d" relativeResultsDirectory="9991cbab-7563-4023-955d-2d81fdb06d29">
    </UnitTestResult>
    <UnitTestResult executionId="0023cbe2-8c5d-4a8b-88f4-57912d74a64c" testId="431fa883-5a55-6054-e257-97faed4cc207" testName="route_works_with_root_ctx_ns_RouteList" computerName="BEE" duration="00:00:00.0023248" startTime="2011-05-25T20:57:24.6337890+01:00" endTime="2011-05-25T20:57:24.6494140+01:00" testType="13cdc9d9-ddb5-4fa4-a97d-d965ccfc6d4b" outcome="Passed" testListId="8c84fa94-04c1-424b-9868-57a2d4851a1d" relativeResultsDirectory="0023cbe2-8c5d-4a8b-88f4-57912d74a64c">
    </UnitTestResult>
    <UnitTestResult executionId="1572c81f-fae2-4157-bb00-a47c496b5968" testId="49dcdfbe-1770-2b79-57ef-25fbe2214b7e" testName="route_works_with_root_ctx_RouteList" computerName="BEE" duration="00:00:00.0171080" startTime="2011-05-25T20:57:24.6650390+01:00" endTime="2011-05-25T20:57:24.6884765+01:00" testType="13cdc9d9-ddb5-4fa4-a97d-d965ccfc6d4b" outcome="Passed" testListId="8c84fa94-04c1-424b-9868-57a2d4851a1d" relativeResultsDirectory="1572c81f-fae2-4157-bb00-a47c496b5968">
    </UnitTestResult>
    <UnitTestResult executionId="3e72dd50-abc5-4510-a4df-f316f4df6a50" testId="4c494ddf-b058-6548-1980-d31346170c63" testName="can_remove_route_from_RouteList" computerName="BEE" duration="00:00:00.0006377" startTime="2011-05-25T20:57:24.7041015+01:00" endTime="2011-05-25T20:57:24.7509765+01:00" testType="13cdc9d9-ddb5-4fa4-a97d-d965ccfc6d4b" outcome="Passed" testListId="8c84fa94-04c1-424b-9868-57a2d4851a1d" relativeResultsDirectory="3e72dd50-abc5-4510-a4df-f316f4df6a50">
    </UnitTestResult>
    <UnitTestResult executionId="b852ec1e-c3c2-40ed-a1d3-83f8c4f108a4" testId="4cd4f6de-05d0-3676-cfde-6fb96b64160a" testName="route_works_with_root_ctx_ns_namespace_shortname_f_fieldName_RouteList" computerName="BEE" duration="00:00:00.0012149" startTime="2011-05-25T20:57:24.8212890+01:00" endTime="2011-05-25T20:57:24.8369140+01:00" testType="13cdc9d9-ddb5-4fa4-a97d-d965ccfc6d4b" outcome="Passed" testListId="8c84fa94-04c1-424b-9868-57a2d4851a1d" relativeResultsDirectory="b852ec1e-c3c2-40ed-a1d3-83f8c4f108a4">
    </UnitTestResult>
    <UnitTestResult executionId="0f891605-8d25-47fc-9f1f-fbdd17936280" testId="86893bfb-be04-aae5-a5fa-ca9227474806" testName="route_works_with_root_ctx_as_assemblyName_RouteList" computerName="BEE" duration="00:00:00.0055738" startTime="2011-05-25T20:57:24.8525390+01:00" endTime="2011-05-25T20:57:24.8681640+01:00" testType="13cdc9d9-ddb5-4fa4-a97d-d965ccfc6d4b" outcome="Passed" testListId="8c84fa94-04c1-424b-9868-57a2d4851a1d" relativeResultsDirectory="0f891605-8d25-47fc-9f1f-fbdd17936280">
    </UnitTestResult>
    <UnitTestResult executionId="0caf9832-4ad8-492e-8269-09b6d85e9cc7" testId="91ac2bfb-733e-51c4-02d0-a2c33b5edafb" testName="route_works_with_root_only_RouteList" computerName="BEE" duration="00:00:00.0028869" startTime="2011-05-25T20:57:24.8759765+01:00" endTime="2011-05-25T20:57:24.8916015+01:00" testType="13cdc9d9-ddb5-4fa4-a97d-d965ccfc6d4b" outcome="Passed" testListId="8c84fa94-04c1-424b-9868-57a2d4851a1d" relativeResultsDirectory="0caf9832-4ad8-492e-8269-09b6d85e9cc7">
    </UnitTestResult>
    <UnitTestResult executionId="ba2a2dc6-fa82-4272-9114-985ffae8f6ef" testId="b2399e27-2042-789f-85ac-c3c74b764925" testName="route_works_with_root_ctx_ns_namespace_shortname_m_methodName_RouteList" computerName="BEE" duration="00:00:00.0004441" startTime="2011-05-25T20:57:24.8994140+01:00" endTime="2011-05-25T20:57:24.9150390+01:00" testType="13cdc9d9-ddb5-4fa4-a97d-d965ccfc6d4b" outcome="Passed" testListId="8c84fa94-04c1-424b-9868-57a2d4851a1d" relativeResultsDirectory="ba2a2dc6-fa82-4272-9114-985ffae8f6ef">
    </UnitTestResult>
    <UnitTestResult executionId="4f5a9883-bad0-48d4-8468-b00de06a8430" testId="d1dee57c-1940-8f04-4f78-b0b16e6ccb9b" testName="can_add_route_to_RouteList" computerName="BEE" duration="00:00:00.0013021" startTime="2011-05-25T20:57:24.9228515+01:00" endTime="2011-05-25T20:57:24.9384765+01:00" testType="13cdc9d9-ddb5-4fa4-a97d-d965ccfc6d4b" outcome="Passed" testListId="8c84fa94-04c1-424b-9868-57a2d4851a1d" relativeResultsDirectory="4f5a9883-bad0-48d4-8468-b00de06a8430">
    </UnitTestResult>
    <UnitTestResult executionId="36971b72-9458-414b-bc2f-5ec0b5b44807" testId="d59acf1f-a253-e6cf-7e23-69f312ea7e8e" testName="route_works_with_root_ctx_as_RouteList" computerName="BEE" duration="00:00:00.0047399" startTime="2011-05-25T20:57:24.9541015+01:00" endTime="2011-05-25T20:57:24.9697265+01:00" testType="13cdc9d9-ddb5-4fa4-a97d-d965ccfc6d4b" outcome="Passed" testListId="8c84fa94-04c1-424b-9868-57a2d4851a1d" relativeResultsDirectory="36971b72-9458-414b-bc2f-5ec0b5b44807">
    </UnitTestResult>
    <UnitTestResult executionId="82c0f4c3-5088-4435-9635-5d88b7428ec4" testId="d925060e-b185-ba9d-cb8a-7d34570abf7b" testName="route_works_with_root_ctx_ns_namespacePrefix_RouteList" computerName="BEE" duration="00:00:00.0058831" startTime="2011-05-25T20:57:24.9775390+01:00" endTime="2011-05-25T20:57:25.0009765+01:00" testType="13cdc9d9-ddb5-4fa4-a97d-d965ccfc6d4b" outcome="Passed" testListId="8c84fa94-04c1-424b-9868-57a2d4851a1d" relativeResultsDirectory="82c0f4c3-5088-4435-9635-5d88b7428ec4">
    </UnitTestResult>
  </Results>
</TestRun>